Identity,Timestamp,Event
2,200,Message Sent
3,300,Message Sent
