Identity,Timestamp,Event
1,301,Message Sent
2,200,Message Sent
3,300,Message Sent
4,300,Message Sent
