Identity,Timestamp,Event
1,100,Messages Sent Action
2,200,Messages Sent Action
3,300,Messages Sent Action
