Identity,Timestamp,Event
1,100,Message Sent
2,200,Message Sent
3,300,Message Sent
